core_cm0plus.h:983:34:__NVIC_SystemReset	8	static,ignoring_inline_asm
bus_comm.c:56:10:bus_cmd_both_read_handler	32	static
bus_comm.c:82:10:bus_cmd_tc_read_handler	32	static
bus_comm.c:106:10:bus_cmd_pa_read_handler	32	static
bus_comm.c:115:10:bus_cmd_ping_handler	24	static
bus_comm.c:122:10:bus_cmd_tc_conf_read_handler	24	static
bus_comm.c:129:10:bus_cmd_tc_conf_write_handler	24	static
bus_comm.c:136:10:bus_cmd_pa_conf_read_handler	24	static
bus_comm.c:143:10:bus_cmd_pa_conf_write_handler	24	static
bus_comm.c:150:10:bus_cmd_read_info_handler	24	static
bus_comm.c:165:10:rt_bus_cmd_enter_bootloader	24	static
bus_comm.c:183:10:rt_bus_cmd_reset	24	static
bus_comm.c:202:10:rt_bus_cmd_bl_stay	24	static
bus_comm.c:213:10:rt_bus_cmd_bl_read_handler	24	static
bus_comm.c:219:10:rt_bus_cmd_bl_write_handler	24	static
bus_comm.c:227:10:rt_bus_cmd_bl_erase_handler	24	static
bus_comm.c:294:30:crc_ccitt_byte	16	static
bus_comm.c:301:16:crc16	24	static
bus_comm.c:317:6:bus_frame_pack	32	static
bus_comm.c:361:6:bus_process	40	static
bus_comm.c:421:6:bus_comm_process	8	static
