core_cm0plus.h:983:34:__NVIC_SystemReset	8	static,ignoring_inline_asm
bus_comm.c:63:10:bus_cmd_both_read_handler	32	static
bus_comm.c:89:10:bus_cmd_tc_read_handler	32	static
bus_comm.c:113:10:bus_cmd_pa_read_handler	32	static
bus_comm.c:122:10:bus_cmd_ping_handler	24	static
bus_comm.c:129:10:bus_cmd_tc_conf_read_handler	32	static
bus_comm.c:143:10:bus_cmd_tc_conf_write_handler	48	static
bus_comm.c:169:10:bus_cmd_pa_conf_read_handler	40	static
bus_comm.c:188:10:bus_cmd_pa_conf_write_handler	40	static
bus_comm.c:209:10:bus_cmd_read_info_handler	32	static
bus_comm.c:248:10:rt_bus_cmd_enter_bootloader	24	static
bus_comm.c:266:10:rt_bus_cmd_reset	24	static
bus_comm.c:285:10:rt_bus_cmd_bl_stay	24	static
bus_comm.c:296:10:rt_bus_cmd_bl_read_handler	24	static
bus_comm.c:302:10:rt_bus_cmd_bl_write_handler	24	static
bus_comm.c:310:10:rt_bus_cmd_bl_erase_handler	24	static
bus_comm.c:377:30:crc_ccitt_byte	16	static
bus_comm.c:384:16:crc16	24	static
bus_comm.c:400:6:bus_frame_pack	32	static
bus_comm.c:444:6:bus_process	40	static
bus_comm.c:504:6:bus_comm_process	8	static
