core_cm0plus.h:983:34:__NVIC_SystemReset	8	static,ignoring_inline_asm
bus_comm.c:56:10:bus_cmd_both_read_handler	24	static
bus_comm.c:72:10:bus_cmd_tc_read_handler	24	static
bus_comm.c:89:10:bus_cmd_pa_read_handler	24	static
bus_comm.c:97:10:bus_cmd_ping_handler	24	static
bus_comm.c:104:10:bus_cmd_tc_conf_read_handler	24	static
bus_comm.c:111:10:bus_cmd_tc_conf_write_handler	24	static
bus_comm.c:118:10:bus_cmd_pa_conf_read_handler	24	static
bus_comm.c:125:10:bus_cmd_pa_conf_write_handler	24	static
bus_comm.c:132:10:bus_cmd_read_info_handler	24	static
bus_comm.c:147:10:rt_bus_cmd_enter_bootloader	24	static
bus_comm.c:166:10:rt_bus_cmd_reset	24	static
bus_comm.c:187:10:rt_bus_cmd_bl_stay	24	static
bus_comm.c:198:10:rt_bus_cmd_bl_read_handler	24	static
bus_comm.c:222:10:get_mem_type	16	static
bus_comm.c:246:10:rt_bus_cmd_bl_write_handler	72	static
bus_comm.c:320:10:rt_bus_cmd_bl_erase_handler	40	static
bus_comm.c:414:30:crc_ccitt_byte	16	static
bus_comm.c:421:16:crc16	24	static
bus_comm.c:437:6:bus_frame_pack	32	static
bus_comm.c:481:6:bus_process	40	static
bus_comm.c:541:6:bus_comm_process	8	static
