bus_handlers.c:65:5:bus_get_max_ch	0	static
bus_handlers.c:76:5:bus_get_ch_conf_length	0	static
bus_handlers.c:88:5:bus_read_ch_sample	8	static
bus_handlers.c:100:5:bus_read_all_sample	16	static
bus_handlers.c:116:5:bus_read_ch_conf	24	static
bus_handlers.c:131:5:bus_read_all_conf	16	static
bus_handlers.c:148:5:bus_write_ch_conf	32	static
bus_handlers.c:170:5:bus_write_all_conf	16	static
bus_handlers.c:185:5:bus_save_conf	8	static
bus_handlers.c:195:6:bus_entering_bootlaoder_hook	0	static
bus_handlers.c:204:6:bus_ping_received_hook	8	static
bus_handlers.c:214:6:bus_reseting_hook	0	static
bus_handlers.c:225:5:bus_rd_info_hook	0	static
