ltc2983.c:60:6:HAL_GPIO_EXTI_Callback	0	static
ltc2983.c:73:6:LTC_writeReg8	40	static
ltc2983.c:89:6:LTC_writeReg32	32	static
ltc2983.c:110:9:LTC_readReg8	32	static
ltc2983.c:128:10:LTC_readReg32	32	static
ltc2983.c:151:6:LTC_waitUntilFinish	24	static
ltc2983.c:177:6:LTC_enterSleepMode	8	static,ignoring_inline_asm
ltc2983.c:199:6:LTC_beginConv	8	static
ltc2983.c:207:7:LTC_readTemperature	32	static
ltc2983.c:229:6:LTC_readTemperatureAll	8	static
ltc2983.c:240:6:LTC_reportFahrenheit	8	static
ltc2983.c:247:6:LTC_reportCelcius	8	static
ltc2983.c:254:6:LTC_reject5060Hz	8	static
ltc2983.c:261:6:LTC_reject60Hz	8	static
ltc2983.c:268:6:LTC_reject50Hz	8	static
ltc2983.c:275:6:LTC_enableConvChannels	8	static
ltc2983.c:281:6:LTC_sleep	8	static
ltc2983.c:287:6:LTC_disableChannel	8	static
ltc2983.c:293:7:LTC_readADC	8	static
ltc2983.c:310:6:LTC_TC_configureChannel	24	static
ltc2983.c:324:6:LTC_RTD_configureChannel	16	static
ltc2983.c:333:6:LTC_RTD_configureRSense	8	static
ltc2983.c:342:6:LTC_process	16	static
ltc2983.c:366:6:LTC_init	32	static
