bus_comm.c:56:10:bus_cmd_both_read_handler	0	static
bus_comm.c:147:10:rt_bus_cmd_enter_bootloader	0	static
bus_comm.c:166:10:rt_bus_cmd_reset	0	static,ignoring_inline_asm
bus_comm.c:187:10:rt_bus_cmd_bl_stay	0	static
bus_comm.c:132:10:bus_cmd_read_info_handler	0	static
bus_comm.c:198:10:rt_bus_cmd_bl_read_handler	0	static
bus_comm.c:72:10:bus_cmd_tc_read_handler	0	static
bus_comm.c:89:10:bus_cmd_pa_read_handler	0	static
bus_comm.c:97:10:bus_cmd_ping_handler	0	static
bus_comm.c:104:10:bus_cmd_tc_conf_read_handler	0	static
bus_comm.c:111:10:bus_cmd_tc_conf_write_handler	0	static
bus_comm.c:118:10:bus_cmd_pa_conf_read_handler	0	static
bus_comm.c:125:10:bus_cmd_pa_conf_write_handler	0	static
bus_comm.c:232:10:get_mem_type	0	static
bus_comm.c:256:10:rt_bus_cmd_bl_write_handler	56	static
bus_comm.c:342:10:rt_bus_cmd_bl_erase_handler	24	static
bus_comm.c:443:16:crc16	20	static
bus_comm.c:459:6:bus_frame_pack	8	static
bus_comm.c:503:6:bus_process	32	static
bus_comm.c:563:6:bus_comm_process	8	static
