ext_cj.c:87:6:Delay	0	static
ext_cj.c:101:6:softI2C_sleep_usec	0	static
ext_cj.c:111:9:softI2C_SCL_read	8	static
ext_cj.c:131:16:softI2C_wait_while_clock_stretching	8	static
ext_cj.c:121:9:softI2C_SDA_read	8	static
ext_cj.c:148:6:softI2C_SDA_in	32	static
ext_cj.c:163:6:softI2C_SDA_out	40	static
ext_cj.c:179:6:softI2C_SCL_in	32	static
ext_cj.c:228:13:softI2C_stop	8	static
ext_cj.c:194:6:softI2C_SCL_out	40	static
ext_cj.c:247:10:softI2C_fill_cmd_send_buf	0	static
ext_cj.c:264:5:STS31_WriteCmd_soft	16	static
ext_cj.c:298:5:STS31_ReadCmd_soft	16	static
ext_cj.c:335:8:softI2C_i2c_write	16	static
ext_cj.c:369:9:STS31_crc8	20	static
ext_cj.c:397:8:softI2C_i2c_read	24	static
ext_cj.c:430:5:STS31_SoftReset_soft	8	static
ext_cj.c:441:5:STS31_EnterPeriodicMode_soft	8	static
ext_cj.c:451:5:EXTCJ_ll_init_soft	16	static
ext_cj.c:477:5:EXTCJ_init	8	static
ext_cj.c:487:5:EXTCJ_ReadTemperature	24	static
