MAX31856.c:90:6:max31856_select	0	static
MAX31856.c:96:6:max31856_deselect	0	static
MAX31856.c:109:6:max31856_wr_reg	48	static
MAX31856.c:132:6:max31856_rd_reg	72	static
MAX31856.c:170:6:max31856_read_raw	8	static
MAX31856.c:176:6:max31856_read_raw_buffered	8	static
MAX31856.c:182:6:max31856_read_conf	16	static
MAX31856.c:192:6:max31856_write_conf	24	static
MAX31856.c:201:9:max31856_read	24	static
MAX31856.c:236:6:sampleExtCj	40	static
MAX31856.c:281:6:max31856_nonmuxed_sample	56	static
MAX31856.c:366:5:max31856_init	40	static
MAX31856.c:389:6:tc_init	24	static
MAX31856.c:447:6:max31856_process	8	static
