stm32l0xx_it.c:77:6:NMI_Handler	0	static
stm32l0xx_it.c:92:6:HardFault_Handler	0	static
stm32l0xx_it.c:107:6:SVC_Handler	0	static
stm32l0xx_it.c:120:6:PendSV_Handler	0	static
stm32l0xx_it.c:133:6:SysTick_Handler	8	static
stm32l0xx_it.c:154:6:DMA1_Channel2_3_IRQHandler	8	static
stm32l0xx_it.c:169:6:DMA1_Channel4_5_6_7_IRQHandler	8	static
stm32l0xx_it.c:184:6:SPI1_IRQHandler	8	static
stm32l0xx_it.c:198:6:SPI2_IRQHandler	8	static
stm32l0xx_it.c:212:6:USART1_IRQHandler	8	static
stm32l0xx_it.c:226:6:USART2_IRQHandler	8	static
