core_cm0plus.h:983:34:__NVIC_SystemReset	8	static,ignoring_inline_asm
ltc2983.c:60:6:HAL_GPIO_EXTI_Callback	16	static
ltc2983.c:73:6:LTC_writeReg8	32	static
ltc2983.c:89:6:LTC_writeReg32	32	static
ltc2983.c:110:9:LTC_readReg8	32	static
ltc2983.c:128:10:LTC_readReg32	40	static
ltc2983.c:151:6:LTC_waitUntilFinish	24	static
ltc2983.c:177:6:LTC_enterSleepMode	8	static
ltc2983.c:199:6:LTC_beginConv	24	static
ltc2983.c:207:7:LTC_readTemperature	32	static
ltc2983.c:229:6:LTC_readTemperatureAll	16	static
ltc2983.c:240:6:LTC_reportFahrenheit	24	static
ltc2983.c:247:6:LTC_reportCelcius	24	static
ltc2983.c:254:6:LTC_reject5060Hz	16	static
ltc2983.c:261:6:LTC_reject60Hz	16	static
ltc2983.c:268:6:LTC_reject50Hz	16	static
ltc2983.c:275:6:LTC_enableConvChannels	16	static
ltc2983.c:281:6:LTC_sleep	8	static
ltc2983.c:287:6:LTC_disableChannel	16	static
ltc2983.c:293:7:LTC_readADC	32	static
ltc2983.c:310:6:LTC_TC_configureChannel	32	static
ltc2983.c:323:10:LTC_TC_readChannelConfig	16	static
ltc2983.c:330:10:LTC_TC_writeChannelConfig	16	static
ltc2983.c:336:6:LTC_RTD_configureChannel	32	static
ltc2983.c:345:6:LTC_RTD_configureRSense	32	static
ltc2983.c:354:6:LTC_process	24	static
ltc2983.c:378:6:LTC_init	56	static
