core_cm0plus.h:983:34:__NVIC_SystemReset	8	static,ignoring_inline_asm
rt_bus_common_commands.c:16:5:rt_bus_get_bit_count	32	static
rt_bus_common_commands.c:42:10:rt_bus_cmd_ping_handler	24	static
rt_bus_common_commands.c:58:10:rt_bus_cmd_ident_handler	24	static
rt_bus_common_commands.c:77:10:rt_bus_cmd_reset	24	static
rt_bus_common_commands.c:90:10:rt_bus_cmd_conf_read_handler	40	static
rt_bus_common_commands.c:131:10:rt_bus_cmd_conf_write_handler	48	static
rt_bus_common_commands.c:181:10:rt_bus_cmd_smp_read_handler	40	static
rt_bus_common_commands.c:231:10:rt_bus_cmd_read_info_handler	32	static
rt_bus_common_commands.c:266:10:rt_bus_cmd_enter_bootloader	24	static
rt_bus_common_commands.c:273:6:rt_bus_cmd_process	8	static
